
2024/08/02 (02:19:14) | ===> btop++ v.1.3.2
2024/08/02 (02:19:14) | WARNING: NVML: Failed to get maximum GPU power draw, defaulting to 225W: Not Supported
2024/08/02 (02:19:14) | WARNING: NVML: Failed to get GPU power usage: Not Supported

2024/08/02 (03:07:01) | ===> btop++ v.1.3.2
2024/08/02 (03:07:01) | WARNING: NVML: Failed to get maximum GPU power draw, defaulting to 225W: Not Supported
2024/08/02 (03:07:01) | WARNING: NVML: Failed to get GPU power usage: Not Supported

2024/08/03 (18:32:06) | ===> btop++ v.1.3.2
2024/08/03 (18:32:06) | WARNING: NVML: Failed to get maximum GPU power draw, defaulting to 225W: Not Supported
2024/08/03 (18:32:06) | WARNING: NVML: Failed to get GPU power usage: Not Supported

2024/08/03 (18:38:24) | ===> btop++ v.1.3.2
2024/08/03 (18:38:24) | WARNING: NVML: Failed to get maximum GPU power draw, defaulting to 225W: Not Supported
2024/08/03 (18:38:24) | WARNING: NVML: Failed to get GPU power usage: Not Supported

2024/08/03 (19:09:38) | ===> btop++ v.1.3.2
2024/08/03 (19:09:38) | WARNING: NVML: Failed to get maximum GPU power draw, defaulting to 225W: Not Supported
2024/08/03 (19:09:38) | WARNING: NVML: Failed to get GPU power usage: Not Supported

2024/08/03 (19:10:03) | ===> btop++ v.1.3.2
2024/08/03 (19:10:03) | WARNING: NVML: Failed to get maximum GPU power draw, defaulting to 225W: Not Supported
2024/08/03 (19:10:03) | WARNING: NVML: Failed to get GPU power usage: Not Supported

2024/08/03 (19:11:20) | ===> btop++ v.1.3.2
2024/08/03 (19:11:20) | WARNING: NVML: Failed to get maximum GPU power draw, defaulting to 225W: Not Supported
2024/08/03 (19:11:20) | WARNING: NVML: Failed to get GPU power usage: Not Supported

2024/08/03 (20:27:53) | ===> btop++ v.1.3.2
2024/08/03 (20:27:53) | WARNING: NVML: Failed to get maximum GPU power draw, defaulting to 225W: Not Supported
2024/08/03 (20:27:53) | WARNING: NVML: Failed to get GPU power usage: Not Supported

2024/08/04 (17:05:41) | ===> btop++ v.1.3.2
2024/08/04 (17:05:41) | WARNING: NVML: Failed to get maximum GPU power draw, defaulting to 225W: Not Supported
2024/08/04 (17:05:41) | WARNING: NVML: Failed to get GPU power usage: Not Supported

2024/08/04 (18:07:42) | ===> btop++ v.1.3.2
2024/08/04 (18:07:42) | WARNING: NVML: Failed to get maximum GPU power draw, defaulting to 225W: Not Supported
2024/08/04 (18:07:42) | WARNING: NVML: Failed to get GPU power usage: Not Supported

2024/08/04 (23:36:09) | ===> btop++ v.1.3.2
2024/08/04 (23:36:09) | WARNING: NVML: Failed to get maximum GPU power draw, defaulting to 225W: Not Supported
2024/08/04 (23:36:09) | WARNING: NVML: Failed to get GPU power usage: Not Supported

2024/08/04 (23:36:39) | ===> btop++ v.1.3.2
2024/08/04 (23:36:39) | WARNING: NVML: Failed to get maximum GPU power draw, defaulting to 225W: Not Supported
2024/08/04 (23:36:39) | WARNING: NVML: Failed to get GPU power usage: Not Supported

2024/08/04 (23:36:53) | ===> btop++ v.1.3.2
2024/08/04 (23:36:53) | WARNING: NVML: Failed to get maximum GPU power draw, defaulting to 225W: Not Supported
2024/08/04 (23:36:53) | WARNING: NVML: Failed to get GPU power usage: Not Supported

2024/09/22 (21:19:09) | ===> btop++ v.1.3.2
2024/09/22 (21:19:09) | WARNING: NVML: Failed to get maximum GPU power draw, defaulting to 225W: Not Supported
2024/09/22 (21:19:09) | WARNING: NVML: Failed to get GPU power usage: Not Supported

2024/09/22 (21:22:37) | ===> btop++ v.1.3.2
2024/09/22 (21:22:37) | WARNING: NVML: Failed to get maximum GPU power draw, defaulting to 225W: Not Supported
2024/09/22 (21:22:37) | WARNING: NVML: Failed to get GPU power usage: Not Supported

2024/09/25 (22:03:27) | ===> btop++ v.1.4.0
2024/09/25 (22:03:27) | WARNING: NVML: Failed to get maximum GPU power draw, defaulting to 225W: Not Supported
2024/09/25 (22:03:27) | WARNING: NVML: Failed to get GPU power usage: Not Supported
2024/09/25 (22:03:27) | WARNING: Intel GPU: Failed to initialize PMU

2024/10/03 (21:47:08) | ===> btop++ v.1.4.0
2024/10/03 (21:47:08) | WARNING: NVML: Failed to get maximum GPU power draw, defaulting to 225W: Not Supported
2024/10/03 (21:47:08) | WARNING: NVML: Failed to get GPU power usage: Not Supported
2024/10/03 (21:47:09) | WARNING: Intel GPU: Failed to initialize PMU

2024/10/05 (00:55:29) | ===> btop++ v.1.4.0
2024/10/05 (00:55:29) | WARNING: NVML: Failed to get maximum GPU power draw, defaulting to 225W: Not Supported
2024/10/05 (00:55:29) | WARNING: NVML: Failed to get GPU power usage: Not Supported
2024/10/05 (00:55:29) | WARNING: Intel GPU: Failed to initialize PMU

2024/10/05 (01:09:29) | ===> btop++ v.1.4.0
2024/10/05 (01:09:29) | WARNING: NVML: Failed to get maximum GPU power draw, defaulting to 225W: Not Supported
2024/10/05 (01:09:29) | WARNING: NVML: Failed to get GPU power usage: Not Supported
2024/10/05 (01:09:29) | WARNING: Intel GPU: Failed to initialize PMU

2024/10/05 (01:10:08) | ===> btop++ v.1.4.0
2024/10/05 (01:10:08) | WARNING: NVML: Failed to get maximum GPU power draw, defaulting to 225W: Not Supported
2024/10/05 (01:10:08) | WARNING: NVML: Failed to get GPU power usage: Not Supported
2024/10/05 (01:10:08) | WARNING: Intel GPU: Failed to initialize PMU

2024/10/05 (01:14:14) | ===> btop++ v.1.4.0
2024/10/05 (01:14:14) | WARNING: NVML: Failed to get maximum GPU power draw, defaulting to 225W: Not Supported
2024/10/05 (01:14:14) | WARNING: NVML: Failed to get GPU power usage: Not Supported
2024/10/05 (01:14:14) | WARNING: Intel GPU: Failed to initialize PMU

2024/12/12 (18:38:38) | ===> btop++ v.1.4.0
2024/12/12 (18:38:38) | WARNING: NVML: Failed to get maximum GPU power draw, defaulting to 225W: Not Supported
2024/12/12 (18:38:38) | WARNING: NVML: Failed to get GPU power usage: Not Supported
2024/12/12 (18:38:38) | WARNING: Intel GPU: Failed to initialize PMU

2024/12/28 (23:04:05) | ===> btop++ v.1.4.0
2024/12/28 (23:04:05) | WARNING: NVML: Failed to get maximum GPU power draw, defaulting to 225W: Not Supported
2024/12/28 (23:04:05) | WARNING: NVML: Failed to get GPU power usage: Not Supported
2024/12/28 (23:04:05) | WARNING: Intel GPU: Failed to initialize PMU

2025/01/12 (21:49:21) | ===> btop++ v.1.4.0
2025/01/12 (21:49:21) | WARNING: NVML: Failed to get maximum GPU power draw, defaulting to 225W: Not Supported
2025/01/12 (21:49:21) | WARNING: NVML: Failed to get GPU power usage: Not Supported
2025/01/12 (21:49:21) | WARNING: Intel GPU: Failed to initialize PMU

2025/01/15 (22:16:59) | ===> btop++ v.1.4.0
2025/01/15 (22:16:59) | WARNING: NVML: Failed to get maximum GPU power draw, defaulting to 225W: Not Supported
2025/01/15 (22:16:59) | WARNING: NVML: Failed to get GPU power usage: Not Supported
2025/01/15 (22:16:59) | WARNING: Intel GPU: Failed to initialize PMU

2025/01/15 (22:17:21) | ===> btop++ v.1.4.0
2025/01/15 (22:17:21) | WARNING: NVML: Failed to get maximum GPU power draw, defaulting to 225W: Not Supported
2025/01/15 (22:17:21) | WARNING: NVML: Failed to get GPU power usage: Not Supported
2025/01/15 (22:17:21) | WARNING: Intel GPU: Failed to initialize PMU

2025/01/15 (22:17:53) | ===> btop++ v.1.4.0
2025/01/15 (22:17:53) | WARNING: NVML: Failed to get maximum GPU power draw, defaulting to 225W: Not Supported
2025/01/15 (22:17:53) | WARNING: NVML: Failed to get GPU power usage: Not Supported
2025/01/15 (22:17:53) | WARNING: Intel GPU: Failed to initialize PMU

2025/01/15 (22:34:30) | ===> btop++ v.1.4.0
2025/01/15 (22:34:30) | WARNING: NVML: Failed to get maximum GPU power draw, defaulting to 225W: Not Supported
2025/01/15 (22:34:30) | WARNING: NVML: Failed to get GPU power usage: Not Supported
2025/01/15 (22:34:30) | WARNING: Intel GPU: Failed to initialize PMU

2025/01/15 (22:37:59) | ===> btop++ v.1.4.0
2025/01/15 (22:37:59) | WARNING: NVML: Failed to get maximum GPU power draw, defaulting to 225W: Not Supported
2025/01/15 (22:37:59) | WARNING: NVML: Failed to get GPU power usage: Not Supported
2025/01/15 (22:37:59) | WARNING: Intel GPU: Failed to initialize PMU

2025/01/22 (21:38:55) | ===> btop++ v.1.4.0
2025/01/22 (21:38:55) | WARNING: NVML: Failed to get maximum GPU power draw, defaulting to 225W: Not Supported
2025/01/22 (21:38:55) | WARNING: NVML: Failed to get GPU power usage: Not Supported
2025/01/22 (21:38:55) | WARNING: Intel GPU: Failed to initialize PMU

2025/02/01 (11:13:51) | ===> btop++ v.1.4.0
2025/02/01 (11:13:51) | WARNING: NVML: Failed to get maximum GPU power draw, defaulting to 225W: Not Supported
2025/02/01 (11:13:51) | WARNING: NVML: Failed to get GPU power usage: Not Supported
2025/02/01 (11:13:51) | WARNING: Intel GPU: Failed to initialize PMU

2025/02/23 (15:48:23) | ===> btop++ v.1.4.0
2025/02/23 (15:48:23) | WARNING: NVML: Failed to get maximum GPU power draw, defaulting to 225W: Not Supported
2025/02/23 (15:48:23) | WARNING: NVML: Failed to get GPU power usage: Not Supported
2025/02/23 (15:48:23) | WARNING: Intel GPU: Failed to initialize PMU

2025/03/01 (16:01:13) | ===> btop++ v.1.4.0
2025/03/01 (16:01:13) | WARNING: NVML: Failed to get maximum GPU power draw, defaulting to 225W: Not Supported
2025/03/01 (16:01:13) | WARNING: NVML: Failed to get GPU power usage: Not Supported
2025/03/01 (16:01:13) | WARNING: Intel GPU: Failed to initialize PMU

2025/03/01 (17:11:55) | ===> btop++ v.1.4.0
2025/03/01 (17:11:55) | WARNING: NVML: Failed to get maximum GPU power draw, defaulting to 225W: Not Supported
2025/03/01 (17:11:55) | WARNING: NVML: Failed to get GPU power usage: Not Supported
2025/03/01 (17:11:55) | WARNING: Intel GPU: Failed to initialize PMU

2025/03/01 (17:21:32) | ===> btop++ v.1.4.0
2025/03/01 (17:21:32) | WARNING: NVML: Failed to get maximum GPU power draw, defaulting to 225W: Not Supported
2025/03/01 (17:21:32) | WARNING: NVML: Failed to get GPU power usage: Not Supported
2025/03/01 (17:21:32) | WARNING: Intel GPU: Failed to initialize PMU

2025/03/01 (17:24:57) | ===> btop++ v.1.4.0
2025/03/01 (17:24:57) | WARNING: NVML: Failed to get maximum GPU power draw, defaulting to 225W: Not Supported
2025/03/01 (17:24:57) | WARNING: NVML: Failed to get GPU power usage: Not Supported
2025/03/01 (17:24:57) | WARNING: Intel GPU: Failed to initialize PMU

2025/03/01 (17:56:45) | ===> btop++ v.1.4.0
2025/03/01 (17:56:45) | WARNING: NVML: Failed to get maximum GPU power draw, defaulting to 225W: Not Supported
2025/03/01 (17:56:45) | WARNING: NVML: Failed to get GPU power usage: Not Supported
2025/03/01 (17:56:45) | WARNING: Intel GPU: Failed to initialize PMU

2025/03/02 (14:23:39) | ===> btop++ v.1.4.0
2025/03/02 (14:23:39) | WARNING: NVML: Failed to get maximum GPU power draw, defaulting to 225W: Not Supported
2025/03/02 (14:23:39) | WARNING: NVML: Failed to get GPU power usage: Not Supported
2025/03/02 (14:23:39) | WARNING: Intel GPU: Failed to initialize PMU
2025/03/02 (14:23:46) | WARNING: Failed to join _runner thread on exit!

2025/03/02 (14:23:48) | ===> btop++ v.1.4.0
2025/03/02 (14:23:48) | WARNING: NVML: Failed to get maximum GPU power draw, defaulting to 225W: Not Supported
2025/03/02 (14:23:48) | WARNING: NVML: Failed to get GPU power usage: Not Supported
2025/03/02 (14:23:48) | WARNING: Intel GPU: Failed to initialize PMU

2025/03/02 (14:24:37) | ===> btop++ v.1.4.0
2025/03/02 (14:24:37) | WARNING: NVML: Failed to get maximum GPU power draw, defaulting to 225W: Not Supported
2025/03/02 (14:24:37) | WARNING: NVML: Failed to get GPU power usage: Not Supported
2025/03/02 (14:24:38) | WARNING: Intel GPU: Failed to initialize PMU

2025/03/02 (14:33:40) | ===> btop++ v.1.4.0
2025/03/02 (14:33:40) | WARNING: NVML: Failed to get maximum GPU power draw, defaulting to 225W: Not Supported
2025/03/02 (14:33:40) | WARNING: NVML: Failed to get GPU power usage: Not Supported
2025/03/02 (14:33:40) | WARNING: Intel GPU: Failed to initialize PMU

2025/03/02 (14:37:40) | ===> btop++ v.1.4.0
2025/03/02 (14:37:40) | WARNING: NVML: Failed to get maximum GPU power draw, defaulting to 225W: Not Supported
2025/03/02 (14:37:40) | WARNING: NVML: Failed to get GPU power usage: Not Supported
2025/03/02 (14:37:40) | WARNING: Intel GPU: Failed to initialize PMU

2025/03/02 (14:37:45) | ===> btop++ v.1.4.0
2025/03/02 (14:37:45) | WARNING: NVML: Failed to get maximum GPU power draw, defaulting to 225W: Not Supported
2025/03/02 (14:37:45) | WARNING: NVML: Failed to get GPU power usage: Not Supported
2025/03/02 (14:37:45) | WARNING: Intel GPU: Failed to initialize PMU

2025/03/02 (14:39:22) | ===> btop++ v.1.4.0
2025/03/02 (14:39:22) | WARNING: NVML: Failed to get maximum GPU power draw, defaulting to 225W: Not Supported
2025/03/02 (14:39:22) | WARNING: NVML: Failed to get GPU power usage: Not Supported
2025/03/02 (14:39:22) | WARNING: Intel GPU: Failed to initialize PMU

2025/03/02 (14:40:26) | ===> btop++ v.1.4.0
2025/03/02 (14:40:26) | WARNING: NVML: Failed to get maximum GPU power draw, defaulting to 225W: Not Supported
2025/03/02 (14:40:26) | WARNING: NVML: Failed to get GPU power usage: Not Supported
2025/03/02 (14:40:26) | WARNING: Intel GPU: Failed to initialize PMU

2025/03/02 (14:40:36) | ===> btop++ v.1.4.0
2025/03/02 (14:40:36) | WARNING: NVML: Failed to get maximum GPU power draw, defaulting to 225W: Not Supported
2025/03/02 (14:40:36) | WARNING: NVML: Failed to get GPU power usage: Not Supported
2025/03/02 (14:40:36) | WARNING: Intel GPU: Failed to initialize PMU

2025/03/02 (17:43:17) | ===> btop++ v.1.4.0
2025/03/02 (17:43:17) | WARNING: NVML: Failed to get maximum GPU power draw, defaulting to 225W: Not Supported
2025/03/02 (17:43:17) | WARNING: NVML: Failed to get GPU power usage: Not Supported
2025/03/02 (17:43:17) | WARNING: Intel GPU: Failed to initialize PMU

2025/03/02 (18:50:14) | ===> btop++ v.1.4.0
2025/03/02 (18:50:14) | WARNING: NVML: Failed to get maximum GPU power draw, defaulting to 225W: Not Supported
2025/03/02 (18:50:14) | WARNING: NVML: Failed to get GPU power usage: Not Supported
2025/03/02 (18:50:14) | WARNING: Intel GPU: Failed to initialize PMU

2025/03/09 (14:40:13) | ===> btop++ v.1.4.0
2025/03/09 (14:40:13) | WARNING: NVML: Failed to get maximum GPU power draw, defaulting to 225W: Not Supported
2025/03/09 (14:40:13) | WARNING: NVML: Failed to get GPU power usage: Not Supported
2025/03/09 (14:40:13) | WARNING: Intel GPU: Failed to initialize PMU

2025/03/10 (20:38:35) | ===> btop++ v.1.4.0
2025/03/10 (20:38:35) | WARNING: NVML: Failed to get maximum GPU power draw, defaulting to 225W: Not Supported
2025/03/10 (20:38:35) | WARNING: NVML: Failed to get GPU power usage: Not Supported
2025/03/10 (20:38:35) | WARNING: Intel GPU: Failed to initialize PMU

2025/03/10 (20:40:55) | ===> btop++ v.1.4.0
2025/03/10 (20:40:55) | WARNING: NVML: Failed to get maximum GPU power draw, defaulting to 225W: Not Supported
2025/03/10 (20:40:55) | WARNING: NVML: Failed to get GPU power usage: Not Supported
2025/03/10 (20:40:55) | WARNING: Intel GPU: Failed to initialize PMU

2025/04/11 (19:56:12) | ===> btop++ v.1.4.0
2025/04/11 (19:56:12) | WARNING: NVML: Failed to get maximum GPU power draw, defaulting to 225W: Not Supported
2025/04/11 (19:56:12) | WARNING: NVML: Failed to get GPU power usage: Not Supported
2025/04/11 (19:56:12) | WARNING: Intel GPU: Failed to initialize PMU

2025/04/13 (14:33:30) | ===> btop++ v.1.4.0
2025/04/13 (14:33:30) | WARNING: NVML: Failed to get maximum GPU power draw, defaulting to 225W: Not Supported
2025/04/13 (14:33:30) | WARNING: NVML: Failed to get GPU power usage: Not Supported
2025/04/13 (14:33:30) | WARNING: Intel GPU: Failed to initialize PMU

2025/04/15 (19:42:06) | ===> btop++ v.1.4.0
2025/04/15 (19:42:06) | WARNING: NVML: Failed to get maximum GPU power draw, defaulting to 225W: Not Supported
2025/04/15 (19:42:06) | WARNING: NVML: Failed to get GPU power usage: Not Supported
2025/04/15 (19:42:06) | WARNING: Intel GPU: Failed to initialize PMU

2025/04/15 (19:43:17) | ===> btop++ v.1.4.0
2025/04/15 (19:43:17) | WARNING: NVML: Failed to get maximum GPU power draw, defaulting to 225W: Not Supported
2025/04/15 (19:43:17) | WARNING: NVML: Failed to get GPU power usage: Not Supported
2025/04/15 (19:43:17) | WARNING: Intel GPU: Failed to initialize PMU

2025/04/21 (14:19:57) | ===> btop++ v.1.4.0
2025/04/21 (14:19:57) | WARNING: NVML: Failed to get maximum GPU power draw, defaulting to 225W: Not Supported
2025/04/21 (14:19:57) | WARNING: NVML: Failed to get GPU power usage: Not Supported
2025/04/21 (14:19:57) | WARNING: Intel GPU: Failed to initialize PMU

2025/04/26 (23:34:32) | ===> btop++ v.1.4.0
2025/04/26 (23:34:32) | WARNING: NVML: Failed to get maximum GPU power draw, defaulting to 225W: Not Supported
2025/04/26 (23:34:32) | WARNING: NVML: Failed to get GPU power usage: Not Supported
2025/04/26 (23:34:32) | WARNING: Intel GPU: Failed to initialize PMU
